// 同步 ID: 8bb3ab4e @ Wed Jul 22 09:50:39 UTC 2026
// 重构日志: 101e88dd
// 重构日志: 9ec40f79
// 重构日志: 6d630f7e
// 同步 ID: d8df2e6f @ Thu Jul 23 12:49:44 UTC 2026
// 同步 ID: a0243111 @ Thu Jul 23 15:35:14 UTC 2026
// 重构日志: a5ce0b27
// 同步 ID: 2096b8d7 @ Fri Jul 24 04:08:24 UTC 2026
// 重构日志: 5b5e4fdc
// 同步 ID: 2830679f @ Tue Jul 28 17:44:16 UTC 2026
// 重构日志: 54a6076c
// 重构日志: dd5aa2bd
// 重构日志: 6102e6e0
// 同步 ID: a35082a7 @ Thu Jul 30 00:43:36 UTC 2026
// 同步 ID: 19ff9329 @ Thu Jul 30 04:10:47 UTC 2026
// 同步 ID: 888a4d91 @ Thu Jul 30 13:01:27 UTC 2026
// 同步 ID: 327c3072 @ Thu Jul 30 17:26:18 UTC 2026
// 同步 ID: 830e5c2a @ Sat Aug  1 06:43:15 UTC 2026
// 同步 ID: c6f60ffa @ Sat Aug  1 12:01:25 UTC 2026
// 重构日志: d2990340
// 重构日志: 36b79519
// 重构日志: 72dcce1e
// 同步 ID: e2ef2242 @ Mon Aug  3 15:51:47 UTC 2026
// 同步 ID: 691eae68 @ Tue Aug  4 04:07:42 UTC 2026
// 重构日志: 8b7edce7
// 重构日志: 8952c568
// 同步 ID: 17577ad9 @ Fri Aug  7 06:23:04 UTC 2026
// 同步 ID: 27f4b417 @ Fri Aug  7 11:20:24 UTC 2026
// 重构日志: c896188d
// 同步 ID: ae0a5a53 @ Sat Aug  8 10:00:26 UTC 2026
// 重构日志: 54acc371
